     diagonalizing the dynamical matrix ...

 q =       0.0000      0.0000      0.0000
 **************************************************************************
     freq (    1) =      -0.000000 [THz] =      -0.000002 [cm-1]
 (  0.133700  -0.000000    -0.171364   0.000000     0.672874   0.000000   )
 (  0.133700  -0.000000    -0.171364   0.000000     0.672874   0.000000   )
     freq (    2) =       0.000000 [THz] =       0.000005 [cm-1]
 ( -0.419753   0.000000     0.525900   0.000000     0.217338  -0.000000   )
 ( -0.419753   0.000000     0.525900   0.000000     0.217338  -0.000000   )
     freq (    3) =       0.000000 [THz] =       0.000008 [cm-1]
 ( -0.553111   0.000000    -0.440526   0.000000    -0.002288   0.000000   )
 ( -0.553111   0.000000    -0.440526   0.000000    -0.002288   0.000000   )
     freq (    4) =      17.519899 [THz] =     584.400932 [cm-1]
 (  0.000000   0.000000     0.000000   0.000000    -0.707107   0.000000   )
 (  0.000000   0.000000    -0.000000   0.000000     0.707107   0.000000   )
     freq (    5) =      17.519899 [THz] =     584.400932 [cm-1]
 ( -0.670820   0.000000    -0.223607   0.000000    -0.000000   0.000000   )
 (  0.670820   0.000000     0.223607   0.000000    -0.000000   0.000000   )
     freq (    6) =      17.519899 [THz] =     584.400932 [cm-1]
 (  0.223607   0.000000    -0.670820   0.000000     0.000000   0.000000   )
 ( -0.223607   0.000000     0.670820   0.000000     0.000000   0.000000   )
 **************************************************************************
