
     Program Q2R v.7.2 starts on 17Jul2024 at  5:10:19 

     This program is part of the open-source Quantum ESPRESSO suite
     for quantum simulation of materials; please cite
         "P. Giannozzi et al., J. Phys.:Condens. Matter 21 395502 (2009);
         "P. Giannozzi et al., J. Phys.:Condens. Matter 29 465901 (2017);
         "P. Giannozzi et al., J. Chem. Phys. 152 154105 (2020);
          URL http://www.quantum-espresso.org", 
     in publications or presentations arising from this work. More details at
     http://www.quantum-espresso.org/quote

     Parallel version (MPI), running on     1 processors

     MPI processes distributed on     1 nodes
     28146 MiB available memory on the printing compute node when the environment starts
 

  reading grid info from file struct.dyn0    

  reading force constants from file struct.dyn1
 macroscopic fields =  T
  57.76321   0.00000  -0.00000
   0.00000  57.76321  -0.00000
  -0.00000  -0.00000  57.76321
  na=             1
  -5.41905  -0.00000  -0.00000
  -0.00000  -5.41905  -0.00000
  -0.00000  -0.00000  -5.41905
  na=             2
  -5.41905  -0.00000  -0.00000
  -0.00000  -5.41905  -0.00000
  -0.00000  -0.00000  -5.41905
  Norm of the difference between old and new effective charges:   13.27391178809523708537
  nqs=             1
 q=   0.00000000  0.00000000  0.00000000
  reading force constants from file struct.dyn2
  nqs=             4
 q=  -0.35355339  0.35355339 -0.35355339
 q=   0.35355339 -0.35355339 -0.35355339
 q=  -0.35355339 -0.35355339  0.35355339
 q=   0.35355339  0.35355339  0.35355339
  reading force constants from file struct.dyn3
  nqs=             3
 q=  -0.00000000  0.00000000 -0.70710678
 q=   0.00000000 -0.70710678 -0.00000000
 q=  -0.70710678  0.00000000 -0.00000000

      q-space grid ok, #points =    8

      fft-check success (sum of imaginary terms < 10^-12)
 
     Q2R          :      0.01s CPU      0.02s WALL

 
   This run was terminated on:   5:10:19  17Jul2024            

=------------------------------------------------------------------------------=
   JOB DONE.
=------------------------------------------------------------------------------=
