
     Program PWSCF v.7.2 starts on 17Jul2024 at  5: 9:50 

     This program is part of the open-source Quantum ESPRESSO suite
     for quantum simulation of materials; please cite
         "P. Giannozzi et al., J. Phys.:Condens. Matter 21 395502 (2009);
         "P. Giannozzi et al., J. Phys.:Condens. Matter 29 465901 (2017);
         "P. Giannozzi et al., J. Chem. Phys. 152 154105 (2020);
          URL http://www.quantum-espresso.org", 
     in publications or presentations arising from this work. More details at
     http://www.quantum-espresso.org/quote

     Parallel version (MPI), running on     1 processors

     MPI processes distributed on     1 nodes
     28092 MiB available memory on the printing compute node when the environment starts
 
     Waiting for input...
     Reading input from standard input
Warning: card / ignored

     Current dimensions of program PWSCF are:
     Max number of different atomic species (ntypx) = 10
     Max number of k-points (npk) =  40000
     Max angular momentum in pseudopotentials (lmaxx) =  4
     Message from routine setup:
     using ibrav=0 with symmetry is DISCOURAGED, use correct ibrav instead
 
     Subspace diagonalization in iterative solution of the eigenvalue problem:
     a serial algorithm will be used

 
     G-vector sticks info
     --------------------
     sticks:   dense  smooth     PW     G-vecs:    dense   smooth      PW
     Sum         295     295     91                 3287     3287     609
 
     Using Slab Decomposition
 


     bravais-lattice index     =            0
     lattice parameter (alat)  =       7.2558  a.u.
     unit-cell volume          =     270.1072 (a.u.)^3
     number of atoms/cell      =            2
     number of atomic types    =            1
     number of electrons       =         8.00
     number of Kohn-Sham states=            4
     kinetic-energy cutoff     =      20.0000  Ry
     charge density cutoff     =      80.0000  Ry
     scf convergence threshold =      1.0E-06
     mixing beta               =       0.7000
     number of iterations used =            8  plain     mixing
     energy convergence thresh.=      1.0E-04
     force convergence thresh. =      1.0E-03
     Exchange-correlation= PBE
                           (   1   4   3   4   0   0   0)
     nstep                     =           50


     GPU acceleration is ACTIVE.


     celldm(1)=   7.255773  celldm(2)=   0.000000  celldm(3)=   0.000000
     celldm(4)=   0.000000  celldm(5)=   0.000000  celldm(6)=   0.000000

     crystal axes: (cart. coord. in units of alat)
               a(1) = (   0.707107   0.707107   0.000000 )  
               a(2) = (   0.000000   0.707107   0.707107 )  
               a(3) = (   0.707107   0.000000   0.707107 )  

     reciprocal axes: (cart. coord. in units 2 pi/alat)
               b(1) = (  0.707107  0.707107 -0.707107 )  
               b(2) = ( -0.707107  0.707107  0.707107 )  
               b(3) = (  0.707107 -0.707107  0.707107 )  


     PseudoPot. # 1 for Si read from file:
     ./ONCVPSP/sg15/Si_ONCV_PBE_sr.upf
     MD5 check sum: 8553c464762ac42b85b1eed164b4d029
     Pseudo is Norm-conserving, Zval =  4.0
     Generated using ONCVPSP code by D. R. Hamann
     Using radial grid of 1510 points,  4 beta functions with: 
                l(1) =   0
                l(2) =   0
                l(3) =   1
                l(4) =   1

     atomic species   valence    mass     pseudopotential
        Si             4.00    28.08500     Si( 1.00)

     48 Sym. Ops., with inversion, found (24 have fractional translation)



   Cartesian axes

     site n.     atom                  positions (alat units)
         1           Si  tau(   1) = (   0.0000000   0.0000000   0.0000000  )
         2           Si  tau(   2) = (   0.3535534   0.3535534   0.3535534  )

     number of k points=     3
                       cart. coord. in units 2pi/alat
        k(    1) = (   0.0000000   0.0000000   0.0000000), wk =   0.2500000
        k(    2) = (  -0.3535534   0.3535534  -0.3535534), wk =   1.0000000
        k(    3) = (   0.0000000   0.0000000  -0.7071068), wk =   0.7500000

     Dense  grid:     3287 G-vectors     FFT dimensions: (  24,  24,  24)

     Occupations read from input 

        2.0000   2.0000   2.0000   2.0000

     Estimated max dynamical RAM per process >       2.82 MB

     Initial potential from superposition of free atoms

     starting charge       7.9988, renormalised to       8.0000
     Starting wfcs are    8 randomized atomic wfcs

     total cpu time spent up to now is        0.6 secs

     Self-consistent Calculation

     iteration #  1     ecut=    20.00 Ry     beta= 0.70
     Davidson diagonalization with overlap
     ethr =  1.00E-02,  avg # of iterations =  2.0

     total cpu time spent up to now is        0.7 secs

     total energy              =     -15.56667910 Ry
     estimated scf accuracy    <       0.09506540 Ry

     iteration #  2     ecut=    20.00 Ry     beta= 0.70
     Davidson diagonalization with overlap
     ethr =  1.19E-03,  avg # of iterations =  1.3

     total cpu time spent up to now is        0.7 secs

     total energy              =     -15.57167576 Ry
     estimated scf accuracy    <       0.00606670 Ry

     iteration #  3     ecut=    20.00 Ry     beta= 0.70
     Davidson diagonalization with overlap
     ethr =  7.58E-05,  avg # of iterations =  2.0

     total cpu time spent up to now is        0.7 secs

     total energy              =     -15.57256195 Ry
     estimated scf accuracy    <       0.00009783 Ry

     iteration #  4     ecut=    20.00 Ry     beta= 0.70
     Davidson diagonalization with overlap
     ethr =  1.22E-06,  avg # of iterations =  4.0

     total cpu time spent up to now is        0.8 secs

     total energy              =     -15.57262652 Ry
     estimated scf accuracy    <       0.00000473 Ry

     iteration #  5     ecut=    20.00 Ry     beta= 0.70
     Davidson diagonalization with overlap
     ethr =  5.92E-08,  avg # of iterations =  4.0

     total cpu time spent up to now is        0.8 secs

     End of self-consistent calculation

          k = 0.0000 0.0000 0.0000 (   411 PWs)   bands (ev):

    -5.4900   6.5508   6.5508   6.5508

          k =-0.3536 0.3536-0.3536 (   410 PWs)   bands (ev):

    -3.1379  -0.5089   5.3116   5.3116

          k = 0.0000 0.0000-0.7071 (   412 PWs)   bands (ev):

    -1.3221  -1.3221   3.6180   3.6180

     highest occupied level (ev):     6.5508

!    total energy              =     -15.57262862 Ry
     estimated scf accuracy    <       0.00000004 Ry

     The total energy is the sum of the following terms:
     one-electron contribution =       4.85014980 Ry
     hartree contribution      =       1.26735821 Ry
     xc contribution           =      -4.89119286 Ry
     ewald contribution        =     -16.79894375 Ry

     convergence has been achieved in   5 iterations

     Forces acting on atoms (cartesian axes, Ry/au):

     atom    1 type  1   force =    -0.00000000   -0.00000000    0.00000000
     atom    2 type  1   force =    -0.00000000    0.00000000    0.00000000
     The non-local contrib.  to forces
     atom    1 type  1   force =     0.00000000   -0.00000000    0.00000000
     atom    2 type  1   force =    -0.00000000    0.00000000    0.00000000
     The ionic contribution  to forces
     atom    1 type  1   force =     0.00000000    0.00000000    0.00000000
     atom    2 type  1   force =    -0.00000000    0.00000000    0.00000000
     The local contribution  to forces
     atom    1 type  1   force =    -0.00000000   -0.00000000   -0.00000000
     atom    2 type  1   force =     0.00000000    0.00000000    0.00000000
     The core correction contribution to forces
     atom    1 type  1   force =     0.00000000    0.00000000    0.00000000
     atom    2 type  1   force =     0.00000000    0.00000000    0.00000000
     The Hubbard contrib.    to forces
     atom    1 type  1   force =     0.00000000    0.00000000    0.00000000
     atom    2 type  1   force =     0.00000000    0.00000000    0.00000000
     The SCF correction term to forces
     atom    1 type  1   force =     0.00000000   -0.00000000    0.00000000
     atom    2 type  1   force =    -0.00000000    0.00000000   -0.00000000

     Total force =     0.000000     Total SCF correction =     0.000000

     BFGS Geometry Optimization
     Energy error            =      0.0E+00 Ry
     Gradient error          =      1.4E-31 Ry/Bohr

     bfgs converged in   1 scf cycles and   0 bfgs steps
     (criteria: energy <  1.0E-04 Ry, force <  1.0E-03 Ry/Bohr)

     End of BFGS Geometry Optimization

     Final energy             =     -15.5726286150 Ry
Begin final coordinates

ATOMIC_POSITIONS (angstrom)
Si            0.0000000000        0.0000000000        0.0000000000
Si            1.3575000000        1.3575000000        1.3575000000
End final coordinates



     Writing all to output data dir ./tmp/struct.save/
 
     init_run     :      0.11s CPU      0.54s WALL (       1 calls)
     electrons    :      0.20s CPU      0.24s WALL (       1 calls)
     forces       :      0.01s CPU      0.02s WALL (       1 calls)

     Called by init_run:
     wfcinit      :      0.05s CPU      0.08s WALL (       1 calls)
                                        0.08s GPU  (       1 calls)
     potinit      :      0.01s CPU      0.03s WALL (       1 calls)
     hinit0       :      0.05s CPU      0.42s WALL (       1 calls)

     Called by electrons:
     c_bands      :      0.16s CPU      0.19s WALL (       5 calls)
     sum_band     :      0.02s CPU      0.02s WALL (       5 calls)
     v_of_rho     :      0.02s CPU      0.05s WALL (       6 calls)
     mix_rho      :      0.00s CPU      0.00s WALL (       5 calls)

     Called by c_bands:
     init_us_2    :      0.01s CPU      0.01s WALL (      36 calls)
     init_us_2:gp :      0.01s CPU      0.01s WALL (      36 calls)
     cegterg      :      0.15s CPU      0.17s WALL (      15 calls)

     Called by *egterg:
     cdiaghg      :      0.04s CPU      0.05s WALL (      55 calls)
                                        0.05s GPU  (      55 calls)
     h_psi        :      0.09s CPU      0.13s WALL (      58 calls)
                                        0.12s GPU  (      58 calls)
     g_psi        :      0.00s CPU      0.00s WALL (      40 calls)
                                        0.00s GPU  (      40 calls)

     Called by h_psi:
     h_psi:calbec :      0.03s CPU      0.07s WALL (      58 calls)
                                        0.06s GPU  (      58 calls)
     vloc_psi     :      0.03s CPU      0.04s WALL (      58 calls)
                                        0.04s GPU  (      58 calls)
     add_vuspsi   :      0.01s CPU      0.01s WALL (      58 calls)
                                        0.01s GPU  (      58 calls)

     General routines
     calbec       :      0.03s CPU      0.05s WALL (      70 calls)
     fft          :      0.04s CPU      0.42s WALL (      61 calls)
                                        0.42s GPU  (      61 calls)
     ffts         :      0.00s CPU      0.00s WALL (       5 calls)
                                        0.00s GPU  (       5 calls)
     fftw         :      0.00s CPU      0.01s WALL (     131 calls)
                                        0.01s GPU  (     131 calls)
 
     Parallel routines
 
     PWSCF        :      0.36s CPU      0.94s WALL

 
   This run was terminated on:   5: 9:51  17Jul2024            

=------------------------------------------------------------------------------=
   JOB DONE.
=------------------------------------------------------------------------------=
Warning: ieee_invalid is signaling
Warning: ieee_inexact is signaling
FORTRAN STOP
